------------------------------------------------------------
Timing Analyzer Summary
------------------------------------------------------------

Type  : Slow 1100mV 85C Model Setup 'inst|inst4|vgaclk_inst|altera_pll_i|general[0].gpll~PLL_OUTPUT_COUNTER|divclk'
Slack : -16.478
TNS   : -924.449

Type  : Slow 1100mV 85C Model Setup 'KEY[0]'
Slack : -14.961
TNS   : -2957.194

Type  : Slow 1100mV 85C Model Setup 'instruction_pipeline:inst13|ins_out[0]'
Slack : -8.997
TNS   : -17.957

Type  : Slow 1100mV 85C Model Hold 'KEY[0]'
Slack : -6.020
TNS   : -6.020

Type  : Slow 1100mV 85C Model Hold 'inst|inst4|vgaclk_inst|altera_pll_i|general[0].gpll~PLL_OUTPUT_COUNTER|divclk'
Slack : 0.266
TNS   : 0.000

Type  : Slow 1100mV 85C Model Hold 'instruction_pipeline:inst13|ins_out[0]'
Slack : 4.363
TNS   : 0.000

Type  : Slow 1100mV 85C Model Minimum Pulse Width 'KEY[0]'
Slack : -2.636
TNS   : -1310.338

Type  : Slow 1100mV 85C Model Minimum Pulse Width 'instruction_pipeline:inst13|ins_out[0]'
Slack : 0.308
TNS   : 0.000

Type  : Slow 1100mV 85C Model Minimum Pulse Width 'inst|inst4|vgaclk_inst|altera_pll_i|general[0].gpll~FRACTIONAL_PLL|vcoph[0]'
Slack : 0.497
TNS   : 0.000

Type  : Slow 1100mV 85C Model Minimum Pulse Width 'CLOCK_50'
Slack : 9.949
TNS   : 0.000

Type  : Slow 1100mV 85C Model Minimum Pulse Width 'inst|inst4|vgaclk_inst|altera_pll_i|general[0].gpll~PLL_OUTPUT_COUNTER|divclk'
Slack : 18.495
TNS   : 0.000

Type  : Slow 1100mV 0C Model Setup 'inst|inst4|vgaclk_inst|altera_pll_i|general[0].gpll~PLL_OUTPUT_COUNTER|divclk'
Slack : -16.186
TNS   : -903.388

Type  : Slow 1100mV 0C Model Setup 'KEY[0]'
Slack : -14.336
TNS   : -2903.537

Type  : Slow 1100mV 0C Model Setup 'instruction_pipeline:inst13|ins_out[0]'
Slack : -8.860
TNS   : -17.624

Type  : Slow 1100mV 0C Model Hold 'KEY[0]'
Slack : -5.783
TNS   : -5.783

Type  : Slow 1100mV 0C Model Hold 'inst|inst4|vgaclk_inst|altera_pll_i|general[0].gpll~PLL_OUTPUT_COUNTER|divclk'
Slack : 0.248
TNS   : 0.000

Type  : Slow 1100mV 0C Model Hold 'instruction_pipeline:inst13|ins_out[0]'
Slack : 4.162
TNS   : 0.000

Type  : Slow 1100mV 0C Model Minimum Pulse Width 'KEY[0]'
Slack : -2.636
TNS   : -1275.050

Type  : Slow 1100mV 0C Model Minimum Pulse Width 'instruction_pipeline:inst13|ins_out[0]'
Slack : 0.248
TNS   : 0.000

Type  : Slow 1100mV 0C Model Minimum Pulse Width 'inst|inst4|vgaclk_inst|altera_pll_i|general[0].gpll~FRACTIONAL_PLL|vcoph[0]'
Slack : 0.497
TNS   : 0.000

Type  : Slow 1100mV 0C Model Minimum Pulse Width 'CLOCK_50'
Slack : 9.980
TNS   : 0.000

Type  : Slow 1100mV 0C Model Minimum Pulse Width 'inst|inst4|vgaclk_inst|altera_pll_i|general[0].gpll~PLL_OUTPUT_COUNTER|divclk'
Slack : 18.446
TNS   : 0.000

Type  : Fast 1100mV 85C Model Setup 'KEY[0]'
Slack : -8.953
TNS   : -1303.830

Type  : Fast 1100mV 85C Model Setup 'inst|inst4|vgaclk_inst|altera_pll_i|general[0].gpll~PLL_OUTPUT_COUNTER|divclk'
Slack : -8.886
TNS   : -515.685

Type  : Fast 1100mV 85C Model Setup 'instruction_pipeline:inst13|ins_out[0]'
Slack : -4.336
TNS   : -8.649

Type  : Fast 1100mV 85C Model Hold 'KEY[0]'
Slack : -3.007
TNS   : -3.007

Type  : Fast 1100mV 85C Model Hold 'inst|inst4|vgaclk_inst|altera_pll_i|general[0].gpll~PLL_OUTPUT_COUNTER|divclk'
Slack : 0.134
TNS   : 0.000

Type  : Fast 1100mV 85C Model Hold 'instruction_pipeline:inst13|ins_out[0]'
Slack : 2.933
TNS   : 0.000

Type  : Fast 1100mV 85C Model Minimum Pulse Width 'KEY[0]'
Slack : -2.174
TNS   : -893.193

Type  : Fast 1100mV 85C Model Minimum Pulse Width 'instruction_pipeline:inst13|ins_out[0]'
Slack : 0.444
TNS   : 0.000

Type  : Fast 1100mV 85C Model Minimum Pulse Width 'inst|inst4|vgaclk_inst|altera_pll_i|general[0].gpll~FRACTIONAL_PLL|vcoph[0]'
Slack : 0.497
TNS   : 0.000

Type  : Fast 1100mV 85C Model Minimum Pulse Width 'CLOCK_50'
Slack : 9.643
TNS   : 0.000

Type  : Fast 1100mV 85C Model Minimum Pulse Width 'inst|inst4|vgaclk_inst|altera_pll_i|general[0].gpll~PLL_OUTPUT_COUNTER|divclk'
Slack : 18.785
TNS   : 0.000

Type  : Fast 1100mV 0C Model Setup 'inst|inst4|vgaclk_inst|altera_pll_i|general[0].gpll~PLL_OUTPUT_COUNTER|divclk'
Slack : -8.197
TNS   : -479.512

Type  : Fast 1100mV 0C Model Setup 'KEY[0]'
Slack : -7.669
TNS   : -1134.554

Type  : Fast 1100mV 0C Model Setup 'instruction_pipeline:inst13|ins_out[0]'
Slack : -4.144
TNS   : -8.276

Type  : Fast 1100mV 0C Model Hold 'KEY[0]'
Slack : -2.901
TNS   : -2.901

Type  : Fast 1100mV 0C Model Hold 'inst|inst4|vgaclk_inst|altera_pll_i|general[0].gpll~PLL_OUTPUT_COUNTER|divclk'
Slack : 0.125
TNS   : 0.000

Type  : Fast 1100mV 0C Model Hold 'instruction_pipeline:inst13|ins_out[0]'
Slack : 2.853
TNS   : 0.000

Type  : Fast 1100mV 0C Model Minimum Pulse Width 'KEY[0]'
Slack : -2.174
TNS   : -864.064

Type  : Fast 1100mV 0C Model Minimum Pulse Width 'instruction_pipeline:inst13|ins_out[0]'
Slack : 0.439
TNS   : 0.000

Type  : Fast 1100mV 0C Model Minimum Pulse Width 'inst|inst4|vgaclk_inst|altera_pll_i|general[0].gpll~FRACTIONAL_PLL|vcoph[0]'
Slack : 0.497
TNS   : 0.000

Type  : Fast 1100mV 0C Model Minimum Pulse Width 'CLOCK_50'
Slack : 9.632
TNS   : 0.000

Type  : Fast 1100mV 0C Model Minimum Pulse Width 'inst|inst4|vgaclk_inst|altera_pll_i|general[0].gpll~PLL_OUTPUT_COUNTER|divclk'
Slack : 18.786
TNS   : 0.000

------------------------------------------------------------
