------------------------------------------------------------
Timing Analyzer Summary
------------------------------------------------------------

Type  : Slow 1100mV 85C Model Setup 'inst|inst4|vgaclk_inst|altera_pll_i|general[0].gpll~PLL_OUTPUT_COUNTER|divclk'
Slack : -22.313
TNS   : -688.774

Type  : Slow 1100mV 85C Model Setup 'KEY[0]'
Slack : -21.449
TNS   : -4867.406

Type  : Slow 1100mV 85C Model Setup 'instruction_pipeline:inst13|ins_out[26]'
Slack : -10.404
TNS   : -309.287

Type  : Slow 1100mV 85C Model Setup 'instruction_pipeline:inst13|ins_out[0]'
Slack : -10.340
TNS   : -29.936

Type  : Slow 1100mV 85C Model Hold 'KEY[0]'
Slack : -6.842
TNS   : -195.157

Type  : Slow 1100mV 85C Model Hold 'inst|inst4|vgaclk_inst|altera_pll_i|general[0].gpll~PLL_OUTPUT_COUNTER|divclk'
Slack : -1.402
TNS   : -4.037

Type  : Slow 1100mV 85C Model Hold 'instruction_pipeline:inst13|ins_out[0]'
Slack : 1.980
TNS   : 0.000

Type  : Slow 1100mV 85C Model Hold 'instruction_pipeline:inst13|ins_out[26]'
Slack : 2.086
TNS   : 0.000

Type  : Slow 1100mV 85C Model Minimum Pulse Width 'KEY[0]'
Slack : -2.636
TNS   : -1271.442

Type  : Slow 1100mV 85C Model Minimum Pulse Width 'instruction_pipeline:inst13|ins_out[26]'
Slack : 0.239
TNS   : 0.000

Type  : Slow 1100mV 85C Model Minimum Pulse Width 'instruction_pipeline:inst13|ins_out[0]'
Slack : 0.309
TNS   : 0.000

Type  : Slow 1100mV 85C Model Minimum Pulse Width 'inst|inst4|vgaclk_inst|altera_pll_i|general[0].gpll~FRACTIONAL_PLL|vcoph[0]'
Slack : 0.497
TNS   : 0.000

Type  : Slow 1100mV 85C Model Minimum Pulse Width 'CLOCK_50'
Slack : 9.949
TNS   : 0.000

Type  : Slow 1100mV 85C Model Minimum Pulse Width 'inst|inst4|vgaclk_inst|altera_pll_i|general[0].gpll~PLL_OUTPUT_COUNTER|divclk'
Slack : 18.527
TNS   : 0.000

Type  : Slow 1100mV 0C Model Setup 'inst|inst4|vgaclk_inst|altera_pll_i|general[0].gpll~PLL_OUTPUT_COUNTER|divclk'
Slack : -21.755
TNS   : -672.461

Type  : Slow 1100mV 0C Model Setup 'KEY[0]'
Slack : -20.892
TNS   : -4666.599

Type  : Slow 1100mV 0C Model Setup 'instruction_pipeline:inst13|ins_out[26]'
Slack : -10.165
TNS   : -307.191

Type  : Slow 1100mV 0C Model Setup 'instruction_pipeline:inst13|ins_out[0]'
Slack : -10.064
TNS   : -29.166

Type  : Slow 1100mV 0C Model Hold 'KEY[0]'
Slack : -6.688
TNS   : -194.150

Type  : Slow 1100mV 0C Model Hold 'inst|inst4|vgaclk_inst|altera_pll_i|general[0].gpll~PLL_OUTPUT_COUNTER|divclk'
Slack : -1.339
TNS   : -3.905

Type  : Slow 1100mV 0C Model Hold 'instruction_pipeline:inst13|ins_out[0]'
Slack : 1.745
TNS   : 0.000

Type  : Slow 1100mV 0C Model Hold 'instruction_pipeline:inst13|ins_out[26]'
Slack : 1.893
TNS   : 0.000

Type  : Slow 1100mV 0C Model Minimum Pulse Width 'KEY[0]'
Slack : -2.636
TNS   : -1270.859

Type  : Slow 1100mV 0C Model Minimum Pulse Width 'instruction_pipeline:inst13|ins_out[26]'
Slack : 0.193
TNS   : 0.000

Type  : Slow 1100mV 0C Model Minimum Pulse Width 'instruction_pipeline:inst13|ins_out[0]'
Slack : 0.297
TNS   : 0.000

Type  : Slow 1100mV 0C Model Minimum Pulse Width 'inst|inst4|vgaclk_inst|altera_pll_i|general[0].gpll~FRACTIONAL_PLL|vcoph[0]'
Slack : 0.497
TNS   : 0.000

Type  : Slow 1100mV 0C Model Minimum Pulse Width 'CLOCK_50'
Slack : 9.980
TNS   : 0.000

Type  : Slow 1100mV 0C Model Minimum Pulse Width 'inst|inst4|vgaclk_inst|altera_pll_i|general[0].gpll~PLL_OUTPUT_COUNTER|divclk'
Slack : 18.479
TNS   : 0.000

Type  : Fast 1100mV 85C Model Setup 'inst|inst4|vgaclk_inst|altera_pll_i|general[0].gpll~PLL_OUTPUT_COUNTER|divclk'
Slack : -12.583
TNS   : -379.118

Type  : Fast 1100mV 85C Model Setup 'KEY[0]'
Slack : -11.775
TNS   : -2402.566

Type  : Fast 1100mV 85C Model Setup 'instruction_pipeline:inst13|ins_out[26]'
Slack : -5.158
TNS   : -135.629

Type  : Fast 1100mV 85C Model Setup 'instruction_pipeline:inst13|ins_out[0]'
Slack : -5.146
TNS   : -14.582

Type  : Fast 1100mV 85C Model Hold 'KEY[0]'
Slack : -3.634
TNS   : -93.843

Type  : Fast 1100mV 85C Model Hold 'inst|inst4|vgaclk_inst|altera_pll_i|general[0].gpll~PLL_OUTPUT_COUNTER|divclk'
Slack : -0.672
TNS   : -1.886

Type  : Fast 1100mV 85C Model Hold 'instruction_pipeline:inst13|ins_out[0]'
Slack : 1.445
TNS   : 0.000

Type  : Fast 1100mV 85C Model Hold 'instruction_pipeline:inst13|ins_out[26]'
Slack : 1.468
TNS   : 0.000

Type  : Fast 1100mV 85C Model Minimum Pulse Width 'KEY[0]'
Slack : -2.174
TNS   : -823.592

Type  : Fast 1100mV 85C Model Minimum Pulse Width 'instruction_pipeline:inst13|ins_out[26]'
Slack : 0.272
TNS   : 0.000

Type  : Fast 1100mV 85C Model Minimum Pulse Width 'instruction_pipeline:inst13|ins_out[0]'
Slack : 0.363
TNS   : 0.000

Type  : Fast 1100mV 85C Model Minimum Pulse Width 'inst|inst4|vgaclk_inst|altera_pll_i|general[0].gpll~FRACTIONAL_PLL|vcoph[0]'
Slack : 0.497
TNS   : 0.000

Type  : Fast 1100mV 85C Model Minimum Pulse Width 'CLOCK_50'
Slack : 9.643
TNS   : 0.000

Type  : Fast 1100mV 85C Model Minimum Pulse Width 'inst|inst4|vgaclk_inst|altera_pll_i|general[0].gpll~PLL_OUTPUT_COUNTER|divclk'
Slack : 18.788
TNS   : 0.000

Type  : Fast 1100mV 0C Model Setup 'inst|inst4|vgaclk_inst|altera_pll_i|general[0].gpll~PLL_OUTPUT_COUNTER|divclk'
Slack : -11.411
TNS   : -346.310

Type  : Fast 1100mV 0C Model Setup 'KEY[0]'
Slack : -10.322
TNS   : -2063.991

Type  : Fast 1100mV 0C Model Setup 'instruction_pipeline:inst13|ins_out[26]'
Slack : -4.842
TNS   : -132.412

Type  : Fast 1100mV 0C Model Setup 'instruction_pipeline:inst13|ins_out[0]'
Slack : -4.824
TNS   : -13.725

Type  : Fast 1100mV 0C Model Hold 'KEY[0]'
Slack : -3.580
TNS   : -106.408

Type  : Fast 1100mV 0C Model Hold 'inst|inst4|vgaclk_inst|altera_pll_i|general[0].gpll~PLL_OUTPUT_COUNTER|divclk'
Slack : -0.667
TNS   : -1.901

Type  : Fast 1100mV 0C Model Hold 'instruction_pipeline:inst13|ins_out[0]'
Slack : 1.276
TNS   : 0.000

Type  : Fast 1100mV 0C Model Hold 'instruction_pipeline:inst13|ins_out[26]'
Slack : 1.307
TNS   : 0.000

Type  : Fast 1100mV 0C Model Minimum Pulse Width 'KEY[0]'
Slack : -2.174
TNS   : -826.935

Type  : Fast 1100mV 0C Model Minimum Pulse Width 'instruction_pipeline:inst13|ins_out[26]'
Slack : 0.319
TNS   : 0.000

Type  : Fast 1100mV 0C Model Minimum Pulse Width 'instruction_pipeline:inst13|ins_out[0]'
Slack : 0.385
TNS   : 0.000

Type  : Fast 1100mV 0C Model Minimum Pulse Width 'inst|inst4|vgaclk_inst|altera_pll_i|general[0].gpll~FRACTIONAL_PLL|vcoph[0]'
Slack : 0.497
TNS   : 0.000

Type  : Fast 1100mV 0C Model Minimum Pulse Width 'CLOCK_50'
Slack : 9.632
TNS   : 0.000

Type  : Fast 1100mV 0C Model Minimum Pulse Width 'inst|inst4|vgaclk_inst|altera_pll_i|general[0].gpll~PLL_OUTPUT_COUNTER|divclk'
Slack : 18.792
TNS   : 0.000

------------------------------------------------------------
